// Jest Snapshot v1, https://goo.gl/fbAQLP

exports[`App.vue Todo bien 1`] = `
<div
  id="app"
>
  <div
    id="nav"
  >
    <router-link-stub
      ariacurrentvalue="page"
      event="click"
      tag="a"
      to="/"
    >
      Home
    </router-link-stub>
     |
    
    <router-link-stub
      ariacurrentvalue="page"
      event="click"
      tag="a"
      to="/about"
    >
      About
    </router-link-stub>
  </div>
   
  <router-view-stub
    name="default"
  />
</div>
`;
